[      4s] speed model results/models/mount_only   compass filter results/models/compass_filter
[      5s] 
[      5s] ========================================================================
[      5s] === trip11  [CLEAN]
[      5s] ========================================================================
[     10s]   --- 10s  n=126  median distance 86 m ---
[     10s]     gyro         14.9%      13.0 m
[     10s]     mag          33.0%      23.7 m
[     10s]     fused        20.7%      17.1 m
[     10s]     mag_f        35.1%      25.2 m
[     10s]     fused_f      20.3%      16.9 m
[     13s]   --- 30s  n=43  median distance 257 m ---
[     13s]     gyro         28.7%      62.9 m
[     13s]     mag          34.0%      85.0 m
[     13s]     fused        31.1%      70.5 m
[     13s]     mag_f        40.2%     109.6 m
[     13s]     fused_f      36.3%      74.4 m
[     15s]   --- 60s  n=23  median distance 488 m ---
[     15s]     gyro         36.4%     162.7 m
[     15s]     mag          33.4%     195.6 m
[     15s]     fused        33.6%     175.1 m
[     15s]     mag_f        40.5%     228.7 m
[     15s]     fused_f      39.0%     195.7 m
[     17s]   --- FULL  n=1  median distance 11655 m ---
[     17s]     gyro         16.7%    1945.8 m
[     17s]     mag           9.4%    1099.7 m
[     17s]     fused        10.7%    1242.0 m
[     17s]     mag_f        16.1%    1871.6 m
[     17s]     fused_f      13.7%    1600.8 m
[     19s] 
[     19s] ========================================================================
[     19s] === mount_e  (*) in the filter's training pool
[     19s] ========================================================================
[     26s]   --- 10s  n=173  median distance 108 m ---
[     26s]     gyro          9.2%       9.5 m
[     26s]     mag          15.1%      12.7 m
[     26s]     fused         9.6%      10.3 m
[     26s]     mag_f        12.7%      12.5 m
[     26s]     fused_f       8.9%       9.8 m
[     30s]   --- 30s  n=61  median distance 305 m ---
[     30s]     gyro         15.5%      46.1 m
[     30s]     mag          15.4%      41.2 m
[     30s]     fused        15.8%      43.5 m
[     30s]     mag_f        14.5%      43.3 m
[     30s]     fused_f      14.3%      40.9 m
[     32s]   --- 60s  n=30  median distance 601 m ---
[     32s]     gyro         14.3%      92.6 m
[     32s]     mag          14.7%      86.4 m
[     32s]     fused        15.0%      91.3 m
[     32s]     mag_f        13.0%      80.0 m
[     32s]     fused_f      15.0%      84.2 m
[     35s]   --- FULL  n=1  median distance 18820 m ---
[     35s]     gyro          8.6%    1615.9 m
[     35s]     mag          13.5%    2543.9 m
[     35s]     fused        13.5%    2544.9 m
[     35s]     mag_f        17.4%    3280.6 m
[     35s]     fused_f      17.3%    3257.0 m
[     36s] 
[     36s] ========================================================================
[     36s] === trip1  [CLEAN]
[     36s] ========================================================================
[     38s]   --- 10s  n=59  median distance 100 m ---
[     38s]     gyro         41.5%      48.2 m
[     38s]     mag          43.7%      46.4 m
[     38s]     fused        41.7%      47.2 m
[     38s]     mag_f        46.8%      48.6 m
[     38s]     fused_f      41.9%      40.3 m
[     39s]   --- 30s  n=20  median distance 295 m ---
[     39s]     gyro         46.9%     138.9 m
[     39s]     mag          40.7%     129.8 m
[     39s]     fused        40.7%     121.3 m
[     39s]     mag_f        47.1%     149.5 m
[     39s]     fused_f      40.7%     124.2 m
[     40s]   --- 60s  n=10  median distance 602 m ---
[     40s]     gyro         47.9%     331.5 m
[     40s]     mag          43.8%     240.0 m
[     40s]     fused        39.5%     197.9 m
[     40s]     mag_f        47.1%     268.2 m
[     40s]     fused_f      40.6%     257.3 m
[     41s]   --- FULL  n=1  median distance 6230 m ---
[     41s]     gyro         76.1%    4741.2 m
[     41s]     mag          39.3%    2447.8 m
[     41s]     fused        38.7%    2413.9 m
[     41s]     mag_f        45.8%    2852.5 m
[     41s]     fused_f      42.4%    2642.8 m
[     41s] DONE
